2026-10-08 04:46:58 [DEBUG   ] commitmaster.windows_integration — Registered Windows AppUserModelID: CommitMaster.App.Client.3.0 (unified)
2026-10-08 04:46:58 [INFO    ] commitmaster.account_manager — Saved account saumya.patel@Admin_# (id=1) as active.
2026-10-08 04:46:58 [DEBUG   ] commitmaster.windows_integration — Registered Windows AppUserModelID: CommitMaster.App.Admin.3.0 (admin)
2026-10-08 04:46:58 [DEBUG   ] commitmaster.reminder_service — ReminderService config reloaded: interval=True (2h 30m), app_monitor=True, only_dirty=True, watched=13 apps
2026-10-08 04:46:58 [INFO    ] commitmaster.reminder_service — ReminderService background thread started for user 1.
2026-10-08 04:46:58 [DEBUG   ] commitmaster.commit_engine — git rev-parse --abbrev-ref HEAD
2026-10-08 04:46:58 [DEBUG   ] commitmaster.commit_engine — git -c core.quotepath=false status --porcelain=v2 --untracked-files=all --ignore-submodules=none
2026-10-08 04:46:58 [DEBUG   ] commitmaster.commit_engine — uncommitted_changes (v2) found 16 files in C:\Data\Saumya\Projects\CommitMaster
2026-10-08 04:46:58 [DEBUG   ] commitmaster.ai_messages — Auto-detected model: google/gemma-4-12b-qat
2026-10-08 04:46:58 [DEBUG   ] commitmaster.commit_engine — git rev-parse --abbrev-ref HEAD
2026-10-08 04:46:59 [DEBUG   ] commitmaster.commit_engine — git -c core.quotepath=false status --porcelain=v2 --untracked-files=all --ignore-submodules=none
2026-10-08 04:46:59 [DEBUG   ] commitmaster.commit_engine — uncommitted_changes (v2) found 6 files in C:\Data\Saumya\Projects\JobSeeker
2026-10-08 04:46:59 [DEBUG   ] commitmaster.commit_engine — git -c core.quotepath=false status --porcelain=v2 --untracked-files=all --ignore-submodules=none
2026-10-08 04:47:00 [DEBUG   ] commitmaster.commit_engine — uncommitted_changes (v2) found 0 files in C:\Data\Saumya\Projects\Portfolio-Website
2026-10-08 04:47:00 [INFO    ] commitmaster.reminder_service — Initial startup check: uncommitted changes in ['C:\\Data\\Saumya\\Projects\\CommitMaster', 'C:\\Data\\Saumya\\Projects\\JobSeeker']
2026-10-08 04:47:08 [INFO    ] commitmaster.reminder_service — Reminder snoozed for 15 minutes.
2026-10-08 04:47:13 [DEBUG   ] commitmaster.commit_engine — git rev-parse --abbrev-ref HEAD
2026-10-08 04:47:13 [DEBUG   ] commitmaster.commit_engine — git -c core.quotepath=false status --porcelain=v2 --untracked-files=all --ignore-submodules=none
2026-10-08 04:47:13 [DEBUG   ] commitmaster.commit_engine — uncommitted_changes (v2) found 16 files in C:\Data\Saumya\Projects\CommitMaster
2026-10-08 04:47:13 [DEBUG   ] commitmaster.commit_engine — git diff HEAD --unified=3 -- .commitmaster_accounts.json
2026-10-08 04:47:13 [DEBUG   ] commitmaster.commit_engine — git rev-parse --abbrev-ref HEAD
2026-10-08 04:47:20 [DEBUG   ] commitmaster.commit_engine — git rev-parse --abbrev-ref HEAD
2026-10-08 04:47:20 [DEBUG   ] commitmaster.commit_engine — git remote get-url origin
2026-10-08 04:47:20 [DEBUG   ] commitmaster.commit_engine — git rev-parse --abbrev-ref HEAD
2026-10-08 04:47:20 [DEBUG   ] commitmaster.commit_engine — git remote get-url origin
2026-10-08 04:47:20 [DEBUG   ] commitmaster.commit_engine — git rev-parse --abbrev-ref HEAD
2026-10-08 04:47:20 [DEBUG   ] commitmaster.commit_engine — git remote get-url origin
2026-10-08 04:47:44 [INFO    ] commitmaster.reminder_service — IDE closed: Bionic (bionic.exe). Triggering uncommitted check.
2026-10-08 04:47:44 [DEBUG   ] commitmaster.commit_engine — git -c core.quotepath=false status --porcelain=v2 --untracked-files=all --ignore-submodules=none
2026-10-08 04:47:44 [DEBUG   ] commitmaster.commit_engine — uncommitted_changes (v2) found 6 files in C:\Data\Saumya\Projects\JobSeeker
2026-10-08 04:47:44 [DEBUG   ] commitmaster.commit_engine — git -c core.quotepath=false status --porcelain=v2 --untracked-files=all --ignore-submodules=none
2026-10-08 04:47:44 [DEBUG   ] commitmaster.commit_engine — uncommitted_changes (v2) found 0 files in C:\Data\Saumya\Projects\Portfolio-Website
2026-10-08 04:47:44 [DEBUG   ] commitmaster.commit_engine — git -c core.quotepath=false status --porcelain=v2 --untracked-files=all --ignore-submodules=none
2026-10-08 04:47:44 [DEBUG   ] commitmaster.commit_engine — uncommitted_changes (v2) found 16 files in C:\Data\Saumya\Projects\CommitMaster
2026-10-08 04:47:44 [INFO    ] commitmaster.reminder_service — Dispatching 'Did you commit?' notification for Bionic (dirty repos: ['C:\\Data\\Saumya\\Projects\\CommitMaster', 'C:\\Data\\Saumya\\Projects\\JobSeeker']).
2026-10-08 04:48:08 [INFO    ] commitmaster.reminder_service — Reminder snoozed for 15 minutes.
2026-10-08 04:48:45 [INFO    ] commitmaster.reminder_service — ReminderService background thread stopped.
2026-10-08 04:48:45 [DEBUG   ] commitmaster.windows_integration — Registered Windows AppUserModelID: CommitMaster.App.Client.3.0 (user)
2026-10-08 04:50:01 [INFO    ] commitmaster.otp_service — Generated OTP for vinayanupnair007@gmail.com [purpose=register]: 917484
2026-10-08 04:50:07 [INFO    ] commitmaster.account_manager — Saved account vinay.nair (id=188) as active.
2026-10-08 04:50:07 [INFO    ] commitmaster.account_manager — Saved account vinay.nair (id=188) as active.
2026-10-08 04:50:07 [DEBUG   ] commitmaster.reminder_service — ReminderService config reloaded: interval=True (1h 0m), app_monitor=True, only_dirty=True, watched=13 apps
2026-10-08 04:50:07 [INFO    ] commitmaster.reminder_service — ReminderService background thread started for user 188.
2026-10-08 04:50:08 [DEBUG   ] commitmaster.commit_engine — git -c core.quotepath=false status --porcelain=v2 --untracked-files=all --ignore-submodules=none
2026-10-08 04:50:08 [DEBUG   ] commitmaster.commit_engine — uncommitted_changes (v2) found 16 files in C:\Data\Saumya\Projects\CommitMaster
2026-10-08 04:50:08 [INFO    ] commitmaster.reminder_service — Initial startup check: uncommitted changes in ['C:\\Data\\Saumya\\Projects\\CommitMaster']
2026-10-08 04:51:01 [DEBUG   ] commitmaster.windows_integration — Registered Windows AppUserModelID: CommitMaster.App.Client.3.0 (unified)
2026-10-08 04:51:01 [INFO    ] commitmaster.account_manager — Saved account vinay.nair (id=188) as active.
2026-10-08 04:51:01 [DEBUG   ] commitmaster.windows_integration — Registered Windows AppUserModelID: CommitMaster.App.Client.3.0 (user)
2026-10-08 04:51:02 [DEBUG   ] commitmaster.reminder_service — ReminderService config reloaded: interval=True (1h 0m), app_monitor=True, only_dirty=True, watched=13 apps
2026-10-08 04:51:02 [INFO    ] commitmaster.reminder_service — ReminderService background thread started for user 188.
2026-10-08 04:51:03 [DEBUG   ] commitmaster.commit_engine — git -c core.quotepath=false status --porcelain=v2 --untracked-files=all --ignore-submodules=none
2026-10-08 04:51:03 [DEBUG   ] commitmaster.commit_engine — uncommitted_changes (v2) found 16 files in C:\Data\Saumya\Projects\CommitMaster
2026-10-08 04:51:03 [INFO    ] commitmaster.reminder_service — Initial startup check: uncommitted changes in ['C:\\Data\\Saumya\\Projects\\CommitMaster']
2026-10-08 04:52:33 [INFO    ] commitmaster.reminder_service — ReminderService background thread stopped.
2026-10-08 04:52:33 [INFO    ] commitmaster.account_manager — Saved account saumya.patel@Admin_# (id=1) as active.
2026-10-08 04:52:33 [DEBUG   ] commitmaster.windows_integration — Registered Windows AppUserModelID: CommitMaster.App.Admin.3.0 (admin)
2026-10-08 04:52:33 [DEBUG   ] commitmaster.reminder_service — ReminderService config reloaded: interval=True (2h 30m), app_monitor=True, only_dirty=True, watched=13 apps
2026-10-08 04:52:33 [INFO    ] commitmaster.reminder_service — ReminderService background thread started for user 1.
2026-10-08 04:52:33 [DEBUG   ] commitmaster.commit_engine — git rev-parse --abbrev-ref HEAD
2026-10-08 04:52:33 [DEBUG   ] commitmaster.commit_engine — git -c core.quotepath=false status --porcelain=v2 --untracked-files=all --ignore-submodules=none
2026-10-08 04:52:33 [DEBUG   ] commitmaster.commit_engine — uncommitted_changes (v2) found 16 files in C:\Data\Saumya\Projects\CommitMaster
2026-10-08 04:52:34 [DEBUG   ] commitmaster.commit_engine — git rev-parse --abbrev-ref HEAD
2026-10-08 04:52:34 [DEBUG   ] commitmaster.ai_messages — list_models failed: HTTPConnectionPool(host='localhost', port=1234): Max retries exceeded with url: /v1/models (Caused by ConnectTimeoutError(<HTTPConnection(host='localhost', port=1234) at 0x173fa444ec0>, 'Connection to localhost timed out. (connect timeout=0.4)'))
2026-10-08 04:52:35 [DEBUG   ] commitmaster.commit_engine — git -c core.quotepath=false status --porcelain=v2 --untracked-files=all --ignore-submodules=none
2026-10-08 04:52:35 [DEBUG   ] commitmaster.commit_engine — uncommitted_changes (v2) found 6 files in C:\Data\Saumya\Projects\JobSeeker
2026-10-08 04:52:35 [DEBUG   ] commitmaster.commit_engine — git -c core.quotepath=false status --porcelain=v2 --untracked-files=all --ignore-submodules=none
2026-10-08 04:52:35 [DEBUG   ] commitmaster.commit_engine — uncommitted_changes (v2) found 0 files in C:\Data\Saumya\Projects\Portfolio-Website
2026-10-08 04:52:35 [INFO    ] commitmaster.reminder_service — Initial startup check: uncommitted changes in ['C:\\Data\\Saumya\\Projects\\CommitMaster', 'C:\\Data\\Saumya\\Projects\\JobSeeker']
2026-10-08 04:52:45 [INFO    ] commitmaster.reminder_service — Reminder snoozed for 15 minutes.
2026-10-08 04:52:51 [INFO    ] commitmaster.reminder_service — ReminderService background thread stopped.
2026-10-08 04:57:04 [DEBUG   ] commitmaster.windows_integration — Registered Windows AppUserModelID: CommitMaster.App.Client.3.0 (unified)
2026-10-08 04:57:04 [INFO    ] commitmaster.account_manager — Saved account saumya.patel@Admin_# (id=1) as active.
2026-10-08 04:57:04 [DEBUG   ] commitmaster.windows_integration — Registered Windows AppUserModelID: CommitMaster.App.Admin.3.0 (admin)
2026-10-08 04:57:05 [DEBUG   ] commitmaster.reminder_service — ReminderService config reloaded: interval=True (2h 30m), app_monitor=True, only_dirty=True, watched=13 apps
2026-10-08 04:57:05 [INFO    ] commitmaster.reminder_service — ReminderService background thread started for user 1.
2026-10-08 04:57:05 [DEBUG   ] commitmaster.commit_engine — git rev-parse --abbrev-ref HEAD
2026-10-08 04:57:05 [DEBUG   ] commitmaster.commit_engine — git -c core.quotepath=false status --porcelain=v2 --untracked-files=all --ignore-submodules=none
2026-10-08 04:57:05 [DEBUG   ] commitmaster.commit_engine — uncommitted_changes (v2) found 16 files in C:\Data\Saumya\Projects\CommitMaster
2026-10-08 04:57:05 [DEBUG   ] commitmaster.commit_engine — git rev-parse --abbrev-ref HEAD
2026-10-08 04:57:05 [DEBUG   ] commitmaster.ai_messages — list_models failed: HTTPConnectionPool(host='localhost', port=1234): Max retries exceeded with url: /v1/models (Caused by ConnectTimeoutError(<HTTPConnection(host='localhost', port=1234) at 0x208a3537cb0>, 'Connection to localhost timed out. (connect timeout=0.4)'))
2026-10-08 04:57:06 [DEBUG   ] commitmaster.commit_engine — git -c core.quotepath=false status --porcelain=v2 --untracked-files=all --ignore-submodules=none
2026-10-08 04:57:06 [DEBUG   ] commitmaster.commit_engine — uncommitted_changes (v2) found 6 files in C:\Data\Saumya\Projects\JobSeeker
2026-10-08 04:57:06 [DEBUG   ] commitmaster.commit_engine — git -c core.quotepath=false status --porcelain=v2 --untracked-files=all --ignore-submodules=none
2026-10-08 04:57:06 [DEBUG   ] commitmaster.commit_engine — uncommitted_changes (v2) found 0 files in C:\Data\Saumya\Projects\Portfolio-Website
2026-10-08 04:57:06 [INFO    ] commitmaster.reminder_service — Initial startup check: uncommitted changes in ['C:\\Data\\Saumya\\Projects\\CommitMaster', 'C:\\Data\\Saumya\\Projects\\JobSeeker']
2026-10-08 04:57:12 [DEBUG   ] commitmaster.commit_engine — git rev-parse --abbrev-ref HEAD
2026-10-08 04:57:12 [DEBUG   ] commitmaster.commit_engine — git remote get-url origin
2026-10-08 04:57:12 [DEBUG   ] commitmaster.commit_engine — git rev-parse --abbrev-ref HEAD
2026-10-08 04:57:12 [DEBUG   ] commitmaster.commit_engine — git remote get-url origin
2026-10-08 04:57:12 [DEBUG   ] commitmaster.commit_engine — git rev-parse --abbrev-ref HEAD
2026-10-08 04:57:13 [DEBUG   ] commitmaster.commit_engine — git remote get-url origin
2026-10-08 04:57:14 [DEBUG   ] commitmaster.commit_engine — git rev-parse --abbrev-ref HEAD
2026-10-08 04:57:14 [DEBUG   ] commitmaster.commit_engine — git remote get-url origin
2026-10-08 04:57:14 [DEBUG   ] commitmaster.commit_engine — git rev-parse --abbrev-ref HEAD
2026-10-08 04:57:14 [DEBUG   ] commitmaster.commit_engine — git remote get-url origin
2026-10-08 04:57:14 [DEBUG   ] commitmaster.commit_engine — git rev-parse --abbrev-ref HEAD
2026-10-08 04:57:14 [DEBUG   ] commitmaster.commit_engine — git remote get-url origin
2026-10-08 04:57:20 [DEBUG   ] commitmaster.commit_engine — git rev-parse --abbrev-ref HEAD
2026-10-08 04:57:20 [DEBUG   ] commitmaster.commit_engine — git -c core.quotepath=false status --porcelain=v2 --untracked-files=all --ignore-submodules=none
2026-10-08 04:57:20 [DEBUG   ] commitmaster.commit_engine — uncommitted_changes (v2) found 16 files in C:\Data\Saumya\Projects\CommitMaster
2026-10-08 04:57:20 [DEBUG   ] commitmaster.commit_engine — git diff HEAD --unified=3 -- .commitmaster_accounts.json
2026-10-08 04:57:20 [DEBUG   ] commitmaster.commit_engine — git rev-parse --abbrev-ref HEAD
2026-10-08 04:57:24 [DEBUG   ] commitmaster.commit_engine — git rev-parse --abbrev-ref HEAD
2026-10-08 04:57:26 [DEBUG   ] commitmaster.commit_engine — git -c core.quotepath=false status --porcelain=v2 --untracked-files=all --ignore-submodules=none
2026-10-08 04:57:26 [DEBUG   ] commitmaster.commit_engine — uncommitted_changes (v2) found 16 files in C:\Data\Saumya\Projects\CommitMaster
2026-10-08 04:57:26 [DEBUG   ] commitmaster.commit_engine — git rev-parse --abbrev-ref HEAD
2026-10-08 04:57:26 [DEBUG   ] commitmaster.commit_engine — git diff HEAD --unified=3 -- .commitmaster_accounts.json
2026-10-08 04:57:26 [DEBUG   ] commitmaster.commit_engine — git diff HEAD --unified=3 -- .gitignore
2026-10-08 04:57:26 [DEBUG   ] commitmaster.commit_engine — git diff HEAD --unified=3 -- admin_app.py
2026-10-08 04:57:26 [DEBUG   ] commitmaster.commit_engine — git diff HEAD --unified=3 -- commitmaster.db-shm
2026-10-08 04:57:26 [DEBUG   ] commitmaster.commit_engine — git diff HEAD --unified=3 -- commitmaster.db-wal
2026-10-08 04:57:26 [DEBUG   ] commitmaster.commit_engine — git diff HEAD --unified=3 -- commitmaster.log
2026-10-08 04:57:26 [DEBUG   ] commitmaster.commit_engine — git diff HEAD --unified=3 -- commitmaster/admin_portal.py
2026-10-08 04:57:26 [DEBUG   ] commitmaster.commit_engine — git diff HEAD --unified=3 -- commitmaster/database.py
2026-10-08 04:57:26 [DEBUG   ] commitmaster.commit_engine — git diff HEAD --unified=3 -- commitmaster/login_window.py
2026-10-08 04:57:27 [DEBUG   ] commitmaster.commit_engine — git diff HEAD --unified=3 -- commitmaster/notification_toast.py
2026-10-08 04:57:27 [DEBUG   ] commitmaster.commit_engine — git diff HEAD --unified=3 -- commitmaster/pattern_utils.py
2026-10-08 04:57:27 [DEBUG   ] commitmaster.commit_engine — git diff HEAD --unified=3 -- commitmaster/reminder_service.py
2026-10-08 04:57:27 [DEBUG   ] commitmaster.commit_engine — git diff HEAD --unified=3 -- commitmaster/user_dashboard.py
2026-10-08 04:57:27 [DEBUG   ] commitmaster.commit_engine — git diff HEAD --unified=3 -- server.py
2026-10-08 04:57:27 [DEBUG   ] commitmaster.commit_engine — git diff HEAD --unified=3 -- Build_MSIX_Package.bat
2026-10-08 04:57:27 [DEBUG   ] commitmaster.commit_engine — git diff HEAD --unified=3 -- build_msix.py
2026-10-08 04:57:27 [DEBUG   ] commitmaster.commit_engine — git rev-parse --abbrev-ref HEAD
2026-10-08 04:57:45 [INFO    ] commitmaster.reminder_service — ReminderService background thread stopped.
2026-10-08 04:58:47 [DEBUG   ] commitmaster.windows_integration — Registered Windows AppUserModelID: CommitMaster.App.Client.3.0 (unified)
2026-10-08 04:58:47 [INFO    ] commitmaster.account_manager — Saved account saumya.patel@Admin_# (id=1) as active.
2026-10-08 04:58:47 [DEBUG   ] commitmaster.windows_integration — Registered Windows AppUserModelID: CommitMaster.App.Admin.3.0 (admin)
2026-10-08 04:58:47 [DEBUG   ] commitmaster.reminder_service — ReminderService config reloaded: interval=True (2h 30m), app_monitor=True, only_dirty=True, watched=13 apps
2026-10-08 04:58:47 [INFO    ] commitmaster.reminder_service — ReminderService background thread started for user 1.
2026-10-08 04:58:47 [DEBUG   ] commitmaster.commit_engine — git rev-parse --abbrev-ref HEAD
2026-10-08 04:58:47 [DEBUG   ] commitmaster.commit_engine — git -c core.quotepath=false status --porcelain=v2 --untracked-files=all --ignore-submodules=none
2026-10-08 04:58:47 [DEBUG   ] commitmaster.commit_engine — uncommitted_changes (v2) found 17 files in C:\Data\Saumya\Projects\CommitMaster
2026-10-08 04:58:48 [DEBUG   ] commitmaster.commit_engine — git rev-parse --abbrev-ref HEAD
2026-10-08 04:58:48 [DEBUG   ] commitmaster.ai_messages — list_models failed: HTTPConnectionPool(host='localhost', port=1234): Max retries exceeded with url: /v1/models (Caused by ConnectTimeoutError(<HTTPConnection(host='localhost', port=1234) at 0x1ff0fb67e00>, 'Connection to localhost timed out. (connect timeout=0.4)'))
2026-10-08 04:58:49 [DEBUG   ] commitmaster.commit_engine — git -c core.quotepath=false status --porcelain=v2 --untracked-files=all --ignore-submodules=none
2026-10-08 04:58:49 [DEBUG   ] commitmaster.commit_engine — uncommitted_changes (v2) found 6 files in C:\Data\Saumya\Projects\JobSeeker
2026-10-08 04:58:49 [DEBUG   ] commitmaster.commit_engine — git -c core.quotepath=false status --porcelain=v2 --untracked-files=all --ignore-submodules=none
2026-10-08 04:58:49 [DEBUG   ] commitmaster.commit_engine — uncommitted_changes (v2) found 0 files in C:\Data\Saumya\Projects\Portfolio-Website
2026-10-08 04:58:49 [INFO    ] commitmaster.reminder_service — Initial startup check: uncommitted changes in ['C:\\Data\\Saumya\\Projects\\CommitMaster', 'C:\\Data\\Saumya\\Projects\\JobSeeker']
2026-10-08 04:58:50 [DEBUG   ] commitmaster.commit_engine — git rev-parse --abbrev-ref HEAD
2026-10-08 04:58:50 [DEBUG   ] commitmaster.commit_engine — git diff HEAD --unified=3 -- .commitmaster_accounts.json
2026-10-08 04:58:50 [DEBUG   ] commitmaster.commit_engine — git rev-parse --abbrev-ref HEAD
2026-10-08 04:58:55 [INFO    ] commitmaster.reminder_service — Launching Git Desktop commit flow for repo: C:\Data\Saumya\Projects\CommitMaster
2026-10-08 04:58:55 [DEBUG   ] commitmaster.commit_engine — git rev-parse --abbrev-ref HEAD
2026-10-08 04:58:55 [DEBUG   ] commitmaster.commit_engine — git -c core.quotepath=false status --porcelain=v2 --untracked-files=all --ignore-submodules=none
2026-10-08 04:58:55 [DEBUG   ] commitmaster.commit_engine — uncommitted_changes (v2) found 17 files in C:\Data\Saumya\Projects\CommitMaster
2026-10-08 04:58:55 [DEBUG   ] commitmaster.commit_engine — git diff HEAD --unified=3 -- .commitmaster_accounts.json
2026-10-08 04:58:55 [DEBUG   ] commitmaster.commit_engine — git rev-parse --abbrev-ref HEAD
2026-10-08 04:59:00 [DEBUG   ] commitmaster.commit_engine — git -c core.quotepath=false status --porcelain=v2 --untracked-files=all --ignore-submodules=none
2026-10-08 04:59:00 [DEBUG   ] commitmaster.commit_engine — uncommitted_changes (v2) found 17 files in C:\Data\Saumya\Projects\CommitMaster
2026-10-08 04:59:00 [DEBUG   ] commitmaster.commit_engine — git rev-parse --abbrev-ref HEAD
2026-10-08 04:59:00 [DEBUG   ] commitmaster.commit_engine — git diff HEAD --unified=3 -- .commitmaster_accounts.json
2026-10-08 04:59:00 [DEBUG   ] commitmaster.commit_engine — git diff HEAD --unified=3 -- .gitignore
2026-10-08 04:59:00 [DEBUG   ] commitmaster.commit_engine — git diff HEAD --unified=3 -- README.md
2026-10-08 04:59:00 [DEBUG   ] commitmaster.commit_engine — git diff HEAD --unified=3 -- admin_app.py
2026-10-08 04:59:00 [DEBUG   ] commitmaster.commit_engine — git diff HEAD --unified=3 -- commitmaster.db-shm
2026-10-08 04:59:00 [DEBUG   ] commitmaster.commit_engine — git diff HEAD --unified=3 -- commitmaster.db-wal
2026-10-08 04:59:00 [DEBUG   ] commitmaster.commit_engine — git diff HEAD --unified=3 -- commitmaster.log
2026-10-08 04:59:00 [DEBUG   ] commitmaster.commit_engine — git diff HEAD --unified=3 -- commitmaster/admin_portal.py
2026-10-08 04:59:00 [DEBUG   ] commitmaster.commit_engine — git diff HEAD --unified=3 -- commitmaster/database.py
2026-10-08 04:59:01 [DEBUG   ] commitmaster.commit_engine — git diff HEAD --unified=3 -- commitmaster/login_window.py
2026-10-08 04:59:01 [DEBUG   ] commitmaster.commit_engine — git diff HEAD --unified=3 -- commitmaster/notification_toast.py
2026-10-08 04:59:01 [DEBUG   ] commitmaster.commit_engine — git diff HEAD --unified=3 -- commitmaster/pattern_utils.py
2026-10-08 04:59:01 [DEBUG   ] commitmaster.commit_engine — git diff HEAD --unified=3 -- commitmaster/reminder_service.py
2026-10-08 04:59:01 [DEBUG   ] commitmaster.commit_engine — git diff HEAD --unified=3 -- commitmaster/user_dashboard.py
2026-10-08 04:59:01 [DEBUG   ] commitmaster.commit_engine — git diff HEAD --unified=3 -- server.py
2026-10-08 04:59:01 [DEBUG   ] commitmaster.commit_engine — git diff HEAD --unified=3 -- Build_MSIX_Package.bat
2026-10-08 04:59:01 [DEBUG   ] commitmaster.commit_engine — git diff HEAD --unified=3 -- build_msix.py
2026-10-08 04:59:01 [DEBUG   ] commitmaster.commit_engine — git rev-parse --abbrev-ref HEAD
2026-10-08 04:59:14 [DEBUG   ] commitmaster.commit_engine — git rev-parse --abbrev-ref HEAD
2026-10-08 04:59:14 [DEBUG   ] commitmaster.commit_engine — git reset
2026-10-08 04:59:14 [DEBUG   ] commitmaster.commit_engine — git add -A -- .commitmaster_accounts.json
2026-10-08 04:59:14 [DEBUG   ] commitmaster.commit_engine — git commit -m chore: remove commitmaster accounts

### Removals & Deprecations
- Removes `.commitmaster_accounts.json` from the project repository
2026-10-08 04:59:14 [DEBUG   ] commitmaster.commit_engine — git log -1 --oneline
2026-10-08 04:59:14 [INFO    ] commitmaster.commit_engine — Committed individually in CommitMaster [.commitmaster_accounts.json]: 356a0e7 chore: remove commitmaster accounts
2026-10-08 04:59:14 [DEBUG   ] commitmaster.commit_engine — git add -A -- .gitignore
2026-10-08 04:59:14 [DEBUG   ] commitmaster.commit_engine — git commit -m chore: update gitignore configuration

### Changes & Improvements
- Expands internal routines and helper logic

### Changes Summary
- 6 lines added, 0 removed across .gitignore
2026-10-08 04:59:14 [DEBUG   ] commitmaster.commit_engine — git log -1 --oneline
2026-10-08 04:59:14 [INFO    ] commitmaster.commit_engine — Committed individually in CommitMaster [.gitignore]: 25a69ea chore: update gitignore configuration
2026-10-08 04:59:14 [DEBUG   ] commitmaster.commit_engine — git add -A -- README.md
2026-10-08 04:59:14 [DEBUG   ] commitmaster.commit_engine — git commit -m docs: update README documentation - CommitMaster v4.0

### Changes & Improvements
- Documents CommitMaster v4.0
- Documents 🔄 The Complete Evolution: v1.0 ➔ v2.0 ➔ v3.0 ➔ v4.0
- Documents 🌟 What's New in Version 4.0

### Changes Summary
- 105 lines added, 148 removed across README.md
2026-10-08 04:59:14 [DEBUG   ] commitmaster.commit_engine — git log -1 --oneline
2026-10-08 04:59:14 [INFO    ] commitmaster.commit_engine — Committed individually in CommitMaster [README.md]: 5458e66 docs: update README documentation - CommitMaster v4.0
2026-10-08 04:59:14 [DEBUG   ] commitmaster.commit_engine — git add -A -- admin_app.py
2026-10-08 04:59:14 [DEBUG   ] commitmaster.commit_engine — git commit -m feat: enhance admin app and its logic

### New Features
- Adds helper function `_on_reminder_commit`
- Adds helper function `_handle_ide_close_uncommitted`
- Adds helper function `_on_close_window`

### Changes Summary
- 182 lines added, 60 removed across admin_app.py
2026-10-08 04:59:14 [DEBUG   ] commitmaster.commit_engine — git log -1 --oneline
2026-10-08 04:59:14 [INFO    ] commitmaster.commit_engine — Committed individually in CommitMaster [admin_app.py]: 1209cbb feat: enhance admin app and its logic
2026-10-08 04:59:14 [DEBUG   ] commitmaster.commit_engine — git add -A -- commitmaster.db-shm
2026-10-08 04:59:14 [DEBUG   ] commitmaster.commit_engine — git commit -m chore: remove commitmaster

### Removals & Deprecations
- Removes `commitmaster.db-shm` from the project repository
2026-10-08 04:59:14 [DEBUG   ] commitmaster.commit_engine — git log -1 --oneline
2026-10-08 04:59:14 [INFO    ] commitmaster.commit_engine — Committed individually in CommitMaster [commitmaster.db-shm]: b0733b5 chore: remove commitmaster
2026-10-08 04:59:14 [DEBUG   ] commitmaster.commit_engine — git add -A -- commitmaster.db-wal
2026-10-08 04:59:14 [DEBUG   ] commitmaster.commit_engine — git commit -m chore: remove commitmaster

### Removals & Deprecations
- Removes `commitmaster.db-wal` from the project repository
2026-10-08 04:59:14 [DEBUG   ] commitmaster.commit_engine — git log -1 --oneline
2026-10-08 04:59:14 [INFO    ] commitmaster.commit_engine — Committed individually in CommitMaster [commitmaster.db-wal]: 30fa25a chore: remove commitmaster
2026-10-08 04:59:14 [DEBUG   ] commitmaster.commit_engine — git add -A -- commitmaster.log
2026-10-08 04:59:14 [DEBUG   ] commitmaster.commit_engine — git commit -m chore: remove commitmaster

### Removals & Deprecations
- Removes `commitmaster.log` from the project repository
2026-10-08 04:59:14 [DEBUG   ] commitmaster.commit_engine — git log -1 --oneline
2026-10-08 04:59:14 [INFO    ] commitmaster.commit_engine — Committed individually in CommitMaster [commitmaster.log]: ba22d38 chore: remove commitmaster
2026-10-08 04:59:14 [DEBUG   ] commitmaster.commit_engine — git add -A -- commitmaster/admin_portal.py
2026-10-08 04:59:14 [DEBUG   ] commitmaster.commit_engine — git commit -m refactor: enhance admin portal and its logic

### Changes & Improvements
- Expands internal routines and helper logic

### Changes Summary
- 15 lines added, 3 removed across commitmaster/admin_portal.py
2026-10-08 04:59:15 [DEBUG   ] commitmaster.commit_engine — git log -1 --oneline
2026-10-08 04:59:15 [INFO    ] commitmaster.commit_engine — Committed individually in CommitMaster [commitmaster/admin_portal.py]: 98b568f refactor: enhance admin portal and its logic
2026-10-08 04:59:15 [DEBUG   ] commitmaster.commit_engine — git add -A -- commitmaster/database.py
2026-10-08 04:59:15 [DEBUG   ] commitmaster.commit_engine — git commit -m feat(database): add fetch_rows_iter, fetch_rows_iter and 5 more

### New Features
- Adds function `fetch_rows_iter`
- Adds function `fetch_rows_iter`
- Adds function `validate_username`
- Adds function `validate_email`
- Adds function `check_login_rate_limit`
- Adds function `record_failed_login`
- Adds helper function `_clean_user_dict`

### Changes Summary
- 207 lines added, 26 removed across commitmaster/database.py
2026-10-08 04:59:15 [DEBUG   ] commitmaster.commit_engine — git log -1 --oneline
2026-10-08 04:59:15 [INFO    ] commitmaster.commit_engine — Committed individually in CommitMaster [commitmaster/database.py]: 2cac1ef feat(database): add fetch_rows_iter, fetch_rows_iter and 5 more
2026-10-08 04:59:15 [DEBUG   ] commitmaster.commit_engine — git add -A -- commitmaster/login_window.py
2026-10-08 04:59:15 [DEBUG   ] commitmaster.commit_engine — git commit -m refactor(login_window): refine _render_card_banner logic

### Changes & Improvements
- Updates logic in `_render_card_banner`

### Changes Summary
- 22 lines added, 15 removed across commitmaster/login_window.py
2026-10-08 04:59:15 [DEBUG   ] commitmaster.commit_engine — git log -1 --oneline
2026-10-08 04:59:15 [INFO    ] commitmaster.commit_engine — Committed individually in CommitMaster [commitmaster/login_window.py]: 0655b2b refactor(login_window): refine _render_card_banner logic
2026-10-08 04:59:15 [DEBUG   ] commitmaster.commit_engine — git add -A -- commitmaster/notification_toast.py
2026-10-08 04:59:15 [DEBUG   ] commitmaster.commit_engine — git commit -m refactor: enhance notification toast and its logic

### Changes & Improvements
- Expands internal routines and helper logic

### Changes Summary
- 22 lines added, 19 removed across commitmaster/notification_toast.py
2026-10-08 04:59:15 [DEBUG   ] commitmaster.commit_engine — git log -1 --oneline
2026-10-08 04:59:15 [INFO    ] commitmaster.commit_engine — Committed individually in CommitMaster [commitmaster/notification_toast.py]: 8ce4ec8 refactor: enhance notification toast and its logic
2026-10-08 04:59:15 [DEBUG   ] commitmaster.commit_engine — git add -A -- commitmaster/pattern_utils.py
2026-10-08 04:59:15 [DEBUG   ] commitmaster.commit_engine — git commit -m feat(pattern_utils): add generate_panel_banner

### New Features
- Adds function `generate_panel_banner`

### Changes Summary
- 26 lines added, 0 removed across commitmaster/pattern_utils.py
2026-10-08 04:59:15 [DEBUG   ] commitmaster.commit_engine — git log -1 --oneline
2026-10-08 04:59:15 [INFO    ] commitmaster.commit_engine — Committed individually in CommitMaster [commitmaster/pattern_utils.py]: 4efe660 feat(pattern_utils): add generate_panel_banner
2026-10-08 04:59:15 [DEBUG   ] commitmaster.commit_engine — git add -A -- commitmaster/reminder_service.py
2026-10-08 04:59:15 [DEBUG   ] commitmaster.commit_engine — git commit -m feat(reminder_service): update event handlers in…

### New Features
- Adds helper function `_format_dirty_repo_msg`
- Adds helper function `_check_and_notify_initial_uncommitted`
- Adds helper function `_launch_commit_flow`

### Changes & Improvements
- Updates logic in `_handle_ide_closed_trigger`
- Updates logic in `_scan_user_dirty_repos`

### Removals & Deprecations
- Removes function `_on_no_action`
- Removes function `_on_test_no`
- Removes function `_detect_running_ide_and_project`

### Changes Summary
- 188 lines added, 158 removed across commitmaster/reminder_service.py
2026-10-08 04:59:15 [DEBUG   ] commitmaster.commit_engine — git log -1 --oneline
2026-10-08 04:59:15 [INFO    ] commitmaster.commit_engine — Committed individually in CommitMaster [commitmaster/reminder_service.py]: 22ad0fb feat(reminder_service): update event handlers in…
2026-10-08 04:59:15 [DEBUG   ] commitmaster.commit_engine — git add -A -- commitmaster/user_dashboard.py
2026-10-08 04:59:15 [DEBUG   ] commitmaster.commit_engine — git commit -m feat: enhance user dashboard and its logic

### New Features
- Adds helper function `_create_page_header_panel`
- Adds helper function `_update_bg`

### Changes Summary
- 59 lines added, 8 removed across commitmaster/user_dashboard.py
2026-10-08 04:59:15 [DEBUG   ] commitmaster.commit_engine — git log -1 --oneline
2026-10-08 04:59:15 [INFO    ] commitmaster.commit_engine — Committed individually in CommitMaster [commitmaster/user_dashboard.py]: ec0c93b feat: enhance user dashboard and its logic
2026-10-08 04:59:15 [DEBUG   ] commitmaster.commit_engine — git add -A -- server.py
2026-10-08 04:59:15 [DEBUG   ] commitmaster.commit_engine — git commit -m refactor: enhance server and its logic

### Changes & Improvements
- Expands internal routines and helper logic

### Changes Summary
- 5 lines added, 0 removed across server.py
2026-10-08 04:59:15 [DEBUG   ] commitmaster.commit_engine — git log -1 --oneline
2026-10-08 04:59:15 [INFO    ] commitmaster.commit_engine — Committed individually in CommitMaster [server.py]: 7296c44 refactor: enhance server and its logic
2026-10-08 04:59:15 [DEBUG   ] commitmaster.commit_engine — git add -A -- Build_MSIX_Package.bat
2026-10-08 04:59:15 [DEBUG   ] commitmaster.commit_engine — git commit -m feat: introduce Build MSIX Package

### New Features
- Introduces `Build_MSIX_Package.bat` module (16 lines)

### Changes Summary
- 16 lines added, 0 removed across Build_MSIX_Package.bat
2026-10-08 04:59:15 [DEBUG   ] commitmaster.commit_engine — git log -1 --oneline
2026-10-08 04:59:15 [INFO    ] commitmaster.commit_engine — Committed individually in CommitMaster [Build_MSIX_Package.bat]: 581da6a feat: introduce Build MSIX Package
2026-10-08 04:59:15 [DEBUG   ] commitmaster.commit_engine — git add -A -- build_msix.py
2026-10-08 04:59:16 [DEBUG   ] commitmaster.commit_engine — git commit -m feat(build_msix): add find_windows_kit_tool and generate_store_assets

### New Features
- Introduces `build_msix.py` module (60 lines)
- Adds function `find_windows_kit_tool`
- Adds function `generate_store_assets`

### Changes Summary
- 60 lines added, 0 removed across build_msix.py
2026-10-08 04:59:16 [DEBUG   ] commitmaster.commit_engine — git log -1 --oneline
2026-10-08 04:59:16 [INFO    ] commitmaster.commit_engine — Committed individually in CommitMaster [build_msix.py]: 1080e7d feat(build_msix): add find_windows_kit_tool and generate_store_assets
2026-10-08 04:59:16 [DEBUG   ] commitmaster.commit_engine — git rev-parse --abbrev-ref HEAD
2026-10-08 04:59:16 [DEBUG   ] commitmaster.commit_engine — git remote get-url origin
2026-10-08 04:59:16 [DEBUG   ] commitmaster.commit_engine — git config user.name Saumya Patel
2026-10-08 04:59:16 [DEBUG   ] commitmaster.commit_engine — git config user.email saumya.a.patel@gmail.com
2026-10-08 04:59:16 [INFO    ] commitmaster.commit_engine — Pushing CommitMaster (main) to Saumya-Patel-10/CommitMaster via @Saumya-Patel-10
2026-10-08 04:59:17 [INFO    ] commitmaster.commit_engine — Push succeeded for CommitMaster: branch 'main' set up to track 'https://Saumya-Patel-10:[TOKEN_REDACTED]@github.com/Saumya-Patel-10/CommitMaster.git/main'.
2026-10-08 04:59:17 [DEBUG   ] commitmaster.commit_engine — git rev-parse --abbrev-ref HEAD
2026-10-08 04:59:18 [DEBUG   ] commitmaster.commit_engine — git rev-parse --abbrev-ref HEAD
2026-10-08 04:59:18 [DEBUG   ] commitmaster.commit_engine — git -c core.quotepath=false status --porcelain=v2 --untracked-files=all --ignore-submodules=none
2026-10-08 04:59:18 [DEBUG   ] commitmaster.commit_engine — uncommitted_changes (v2) found 2 files in C:\Data\Saumya\Projects\CommitMaster
2026-10-08 04:59:18 [DEBUG   ] commitmaster.commit_engine — git diff HEAD --unified=3 -- commitmaster.db-wal
2026-10-08 04:59:18 [DEBUG   ] commitmaster.commit_engine — git rev-parse --abbrev-ref HEAD
2026-10-08 04:59:19 [DEBUG   ] commitmaster.ai_messages — list_models failed: HTTPConnectionPool(host='localhost', port=1234): Max retries exceeded with url: /v1/models (Caused by ConnectTimeoutError(<HTTPConnection(host='localhost', port=1234) at 0x1ff11f6d950>, 'Connection to localhost timed out. (connect timeout=0.4)'))
2026-10-08 04:59:22 [INFO    ] commitmaster.reminder_service — ReminderService background thread stopped.
